// Jest Snapshot v1, https://goo.gl/fbAQLP

exports[`Test TestPage Test rendering 1`] = `
<div>
  <h1>
    Hello 
    harness
  </h1>
  <div
    class="container"
  >
    This is a test page
  </div>
</div>
`;
